
> jarvis-core@0.1.0 build
> next build

Ôû▓ Next.js 16.2.10 (Turbopack)
- Experiments (use with caution):
  ┬À optimizePackageImports

  Creating an optimized production build ...
Ô£ô Compiled successfully in 4.8s
  Running TypeScript ...
node.exe : Failed to type check.
At line:1 char:1
+ & "C:\Users\Rus\AppProject\.tools\node/node.exe" "C:\Users\Rus\AppPro ...
+ ~~~~~~~~~~~~~~~~~~~~~~~~~~~~~~~~~~~~~~~~~~~~~~~~~~~~~~~~~~~~~~~~~~~~~
    + CategoryInfo          : NotSpecified: (Failed to type check.:String) [], 
    RemoteException
    + FullyQualifiedErrorId : NativeCommandError
 

./app/design-system/page.tsx:3:1
Type error: 'React' is declared but its value is never read.

  [90m1 |[0m [32m"use client"[0m;
  [90m2 |[0m
[31m[1m>[0m [90m3 |[0m [36mimport[0m [33mReact[0m [36mfrom[0m [32m"
react"[0m;
  [90m  |[0m [31m[1m^[0m
  [90m4 |[0m [36mimport[0m {
  [90m5 |[0m   [33mButton[0m,
  [90m6 |[0m   [33mIconButton[0m,
Next.js build worker exited with code: 1 and signal: null
